// Jest Snapshot v1, https://goo.gl/fbAQLP

exports[`snapshot works correctly 1`] = `
Object {
  "Resources": Object {
    "nodeeb21AA198B": Object {
      "Properties": Object {
        "Artifacts": Object {
          "Type": "NO_ARTIFACTS",
        },
        "Environment": Object {
          "ComputeType": "BUILD_GENERAL1_SMALL",
          "EnvironmentVariables": Array [
            Object {
              "Name": "EB_STAGE",
              "Type": "PLAINTEXT",
              "Value": "main",
            },
          ],
          "Image": "aws/codebuild/amazonlinux2-x86_64-standard:3.0",
          "PrivilegedMode": false,
          "Type": "LINUX_CONTAINER",
        },
        "Name": "node-eb-build",
        "ServiceRole": Object {
          "Fn::GetAtt": Array [
            "nodeebRole83F66418",
            "Arn",
          ],
        },
        "Source": Object {
          "BuildSpec": "buildspec.yml",
          "Location": "https://github.com/ryands17/node-beanstalk.git",
          "ReportBuildStatus": true,
          "Type": "GITHUB",
        },
        "TimeoutInMinutes": 20,
        "Triggers": Object {
          "FilterGroups": Array [
            Array [
              Object {
                "Pattern": "PUSH, PULL_REQUEST_MERGED",
                "Type": "EVENT",
              },
              Object {
                "Pattern": "^refs/heads/main$",
                "Type": "HEAD_REF",
              },
            ],
          ],
          "Webhook": true,
        },
      },
      "Type": "AWS::CodeBuild::Project",
    },
    "nodeebRole83F66418": Object {
      "Properties": Object {
        "AssumeRolePolicyDocument": Object {
          "Statement": Array [
            Object {
              "Action": "sts:AssumeRole",
              "Effect": "Allow",
              "Principal": Object {
                "Service": "codebuild.amazonaws.com",
              },
            },
          ],
          "Version": "2012-10-17",
        },
        "ManagedPolicyArns": Array [
          Object {
            "Fn::Join": Array [
              "",
              Array [
                "arn:",
                Object {
                  "Ref": "AWS::Partition",
                },
                ":iam::aws:policy/AWSElasticBeanstalkFullAccess",
              ],
            ],
          },
        ],
      },
      "Type": "AWS::IAM::Role",
    },
    "nodeebRoleDefaultPolicy56622678": Object {
      "Properties": Object {
        "PolicyDocument": Object {
          "Statement": Array [
            Object {
              "Action": Array [
                "logs:CreateLogGroup",
                "logs:CreateLogStream",
                "logs:PutLogEvents",
              ],
              "Effect": "Allow",
              "Resource": Array [
                Object {
                  "Fn::Join": Array [
                    "",
                    Array [
                      "arn:",
                      Object {
                        "Ref": "AWS::Partition",
                      },
                      ":logs:",
                      Object {
                        "Ref": "AWS::Region",
                      },
                      ":",
                      Object {
                        "Ref": "AWS::AccountId",
                      },
                      ":log-group:/aws/codebuild/",
                      Object {
                        "Ref": "nodeeb21AA198B",
                      },
                    ],
                  ],
                },
                Object {
                  "Fn::Join": Array [
                    "",
                    Array [
                      "arn:",
                      Object {
                        "Ref": "AWS::Partition",
                      },
                      ":logs:",
                      Object {
                        "Ref": "AWS::Region",
                      },
                      ":",
                      Object {
                        "Ref": "AWS::AccountId",
                      },
                      ":log-group:/aws/codebuild/",
                      Object {
                        "Ref": "nodeeb21AA198B",
                      },
                      ":*",
                    ],
                  ],
                },
              ],
            },
            Object {
              "Action": Array [
                "codebuild:CreateReportGroup",
                "codebuild:CreateReport",
                "codebuild:UpdateReport",
                "codebuild:BatchPutTestCases",
              ],
              "Effect": "Allow",
              "Resource": Object {
                "Fn::Join": Array [
                  "",
                  Array [
                    "arn:",
                    Object {
                      "Ref": "AWS::Partition",
                    },
                    ":codebuild:",
                    Object {
                      "Ref": "AWS::Region",
                    },
                    ":",
                    Object {
                      "Ref": "AWS::AccountId",
                    },
                    ":report-group/",
                    Object {
                      "Ref": "nodeeb21AA198B",
                    },
                    "-*",
                  ],
                ],
              },
            },
          ],
          "Version": "2012-10-17",
        },
        "PolicyName": "nodeebRoleDefaultPolicy56622678",
        "Roles": Array [
          Object {
            "Ref": "nodeebRole83F66418",
          },
        ],
      },
      "Type": "AWS::IAM::Policy",
    },
    "nodeebapp": Object {
      "Properties": Object {
        "ApplicationName": "node-eb",
      },
      "Type": "AWS::ElasticBeanstalk::Application",
    },
    "nodeebenv": Object {
      "DependsOn": Array [
        "nodeebapp",
      ],
      "Properties": Object {
        "ApplicationName": "node-eb",
        "EnvironmentName": "main",
        "OptionSettings": Array [
          Object {
            "Namespace": "aws:autoscaling:launchconfiguration",
            "OptionName": "IamInstanceProfile",
            "Value": "aws-elasticbeanstalk-ec2-role",
          },
        ],
      },
      "Type": "AWS::ElasticBeanstalk::Environment",
    },
  },
}
`;
